Loading word data...
Opening file with word IDs: rahlfs_words.csv
Successfully opened rahlfs_words.csv
Finished reading rahlfs_words.csv (623693 rows, 623693 word IDs loaded)
Loaded 623693 word IDs from Rahlfs
Opening file with word IDs: swete_words.csv
Successfully opened swete_words.csv
Finished reading swete_words.csv (609522 rows, 609522 word IDs loaded)
Loaded 609522 word IDs from Swete
Deriving normalized word sets...
Derived 45224 unique words from Rahlfs
Derived 46292 unique words from Swete
Opening accepted words file: accepted_words.txt
Successfully opened accepted_words.txt
Finished reading accepted_words.txt (1479 lines, 1450 words loaded)
Loaded 1450 accepted words
Opening already examined file: word_corrections.tsv
Successfully opened word_corrections.tsv
Finished reading word_corrections.tsv (607 rows, 605 word changes loaded)
Loaded 605 already examined word changes
Loading versification for verse-specific typo checking...
Opening versification file: rahlfs_versification.csv
Successfully opened rahlfs_versification.csv
Finished reading rahlfs_versification.csv (30637 rows, 30637 verses loaded)
Sorting verses from rahlfs_versification.csv...
Finished sorting 30637 verses
Loaded 30637 verses from Rahlfs versification
Opening versification file: swete_versification.csv
Successfully opened swete_versification.csv
Finished reading swete_versification.csv (30533 rows, 30533 verses loaded)
Sorting verses from swete_versification.csv...
Finished sorting 30533 verses
Loaded 30533 verses from Swete versification
Processing Bible file...
Opening Bible file for reading: Brenton.tex
Successfully opened Brenton.tex
Found book: ΓΕΝΕΣΙΣ
Found book: ΕΞΟΔΟΣ
Found book: ΛΕΥΙΤΙΚΟΝ
  Checked 100 words, found 0 potential typos so far... (Current: ΛΕΥΙΤΙΚΟΝ 23:19)
Found book: ΑΡΙΘΜΟΙ
Found book: ΔΕΥΤΕΡΟΝΟΜΙΟΝ
  Checked 200 words, found 2 potential typos so far... (Current: ΔΕΥΤΕΡΟΝΟΜΙΟΝ 33:10)
Found book: ΙΗΣΟΥΣ ΝΑΥΗ
Found book: ΚΡΙΤΑΙ
  Checked 300 words, found 3 potential typos so far... (Current: ΚΡΙΤΑΙ 20:19)
Found book: ΡΟΥΘ
Found book: ΒΑΣΙΛΕΙΩΝ Α
Found book: ΒΑΣΙΛΕΙΩΝ Β
Found book: ΒΑΣΙΛΕΙΩΝ Γ
  Checked 400 words, found 4 potential typos so far... (Current: ΒΑΣΙΛΕΙΩΝ Γ 4:9)
Found book: ΒΑΣΙΛΕΙΩΝ Δ
Found book: ΠΑΡΑΛΕΙΠΟΜΕΝΩΝ Α
  Checked 500 words, found 6 potential typos so far... (Current: ΠΑΡΑΛΕΙΠΟΜΕΝΩΝ Α 7:40)
Found book: ΠΑΡΑΛΕΙΠΟΜΕΝΩΝ Β
  Checked 600 words, found 6 potential typos so far... (Current: ΠΑΡΑΛΕΙΠΟΜΕΝΩΝ Β 3:1)
Found book: ΕΣΔΡΑΣ
Found book: ΝΕΕΜΙΑΣ
  Checked 700 words, found 8 potential typos so far... (Current: ΝΕΕΜΙΑΣ 3:10)
Found book: ΕΣΘΗΡ
Found book: ΙΩΒ
  Checked 800 words, found 8 potential typos so far... (Current: ΙΩΒ 6:5)
Found book: ΨΑΛΜΟΙ
Found book: ΠΑΡΟΙΜΙΑΙ ΣΑΛΩΜΩΝΤΟΣ
  Checked 900 words, found 9 potential typos so far... (Current: ΠΑΡΟΙΜΙΑΙ ΣΑΛΩΜΩΝΤΟΣ 3:3)
Found book: ΕΚΚΛΗΣΙΑΣΤΗΣ
Found book: ΑΣΜΑ
Found book: ΗΣΑΙΑΣ
  Checked 1000 words, found 9 potential typos so far... (Current: ΗΣΑΙΑΣ 65:13)
Found book: ΙΕΡΕΜΙΑΣ
  Checked 1100 words, found 9 potential typos so far... (Current: ΙΕΡΕΜΙΑΣ 43:29)
Found book: ΘΡΗΝΟΙ ΙΕΡΕΜΙΟΥ
Found book: ΙΕΖΕΚΙΗΛ
  Checked 1200 words, found 9 potential typos so far... (Current: ΙΕΖΕΚΙΗΛ 31:10)
Found book: ΔΑΝΙΗΛ
Found book: ΩΣΗΕ
Found book: ΙΩΗΛ
Found book: ΑΜΩΣ
Found book: ΟΒΔΕΙΟΥ
Found book: ΙΩΝΑΣ
Found book: ΜΙΧΑΙΑΣ
Found book: ΝΑΟΥΜ
Found book: ΑΜΒΑΚΟΥΜ
Found book: ΣΟΦΟΝΙΑΣ
Found book: ΑΓΓΑΙΟΣ
  Checked 1300 words, found 10 potential typos so far... (Current: ΑΓΓΑΙΟΣ 1:10)
Found book: ΖΑΧΑΡΙΑΣ
Found book: ΜΑΛΑΧΙΑΣ
Found book: ΕΣΔΡΑΣ Α
Found book: ΤΩΒΙΤ
Found book: ΙΟΥΔΙΘ
  Checked 1400 words, found 12 potential typos so far... (Current: ΙΟΥΔΙΘ 1:6)
Found book: ΣΟΦΙΑ ΣΑΛΩΜΩΝ
Found book: ΣΟΦΙΑ ΣΕΙΡΑΧ
Found book: ΒΑΡΟΥΧ
Found book: ΕΠΙΣΤΟΛΗ ΙΕΡΕΜΙΟΥ
Found book: ΣΩΣΑΝΝΑ
Found book: ΒΗΛ ΚΑΙ ΔΡΑΚΩΝ
Found book: ΜΑΚΚΑΒΑΙΩΝ Α
  Checked 1500 words, found 12 potential typos so far... (Current: ΜΑΚΚΑΒΑΙΩΝ Α 2:58)
Found book: ΜΑΚΚΑΒΑΙΩΝ Β
Found book: ΜΑΚΚΑΒΑΙΩΝ Γ
  Checked 1600 words, found 13 potential typos so far... (Current: ΜΑΚΚΑΒΑΙΩΝ Γ 3:7)
Found book: ΜΑΚΚΑΒΑΙΩΝ Δ
Found book: ΠΡΟΣΕΥΧΗ ΜΑΝΑΣΣΗ ΥΙΟΥ ΕΖΕΚΙΟΥ

Writing results to missing_words.tsv...
Opening file for writing: missing_words.tsv
Successfully opened missing_words.tsv for writing
Finished writing 1646 rows to missing_words.tsv
Writing full typo check results to missing_words_typo_check.tsv...
Opening file for writing: missing_words_typo_check.tsv
Successfully opened missing_words_typo_check.tsv for writing
Finished writing 1646 rows to missing_words_typo_check.tsv
Writing likely typos to missing_words_likely_typos.tsv...
Opening file for writing: missing_words_likely_typos.tsv
Successfully opened missing_words_likely_typos.tsv for writing
Finished writing 14 rows to missing_words_likely_typos.tsv
Writing legitimate variations to missing_words_legitimate_variations.tsv...
Opening file for writing: missing_words_legitimate_variations.tsv
Successfully opened missing_words_legitimate_variations.tsv for writing
Finished writing 1511 rows to missing_words_legitimate_variations.tsv
Writing unmatched words to missing_words_unmatched.tsv...
Opening file for writing: missing_words_unmatched.tsv
Successfully opened missing_words_unmatched.tsv for writing
Finished writing 135 rows to missing_words_unmatched.tsv

Complete! Found 1646 missing words.
  - Likely proper names: 500
  - Likely numbers: 0
  - Legitimate variations: 1511
    - Found in verse: 1471
    - Found in area (±20 verses): 40
  - Likely typos: 14
    - Matched within verse: 11
    - Matched within area (±20 verses): 1
    - Matched in broader corpus: 2
  - Unmatched (need review): 135
Results saved to: missing_words.tsv
Full typo check results saved to: missing_words_typo_check.tsv
Filtered typos saved to: missing_words_likely_typos.tsv
Legitimate variations saved to: missing_words_legitimate_variations.tsv
Unmatched words saved to: missing_words_unmatched.tsv
