Loading word data...
Opening file with word IDs: rahlfs_words.csv
Successfully opened rahlfs_words.csv
Finished reading rahlfs_words.csv (623693 rows, 623693 word IDs loaded)
Loaded 623693 word IDs from Rahlfs
Opening file with word IDs: swete_words.csv
Successfully opened swete_words.csv
Finished reading swete_words.csv (609522 rows, 609522 word IDs loaded)
Loaded 609522 word IDs from Swete
Deriving normalized word sets...
Derived 45224 unique words from Rahlfs
Derived 46292 unique words from Swete
Opening accepted words file: accepted_words.txt
Successfully opened accepted_words.txt
Finished reading accepted_words.txt (1505 lines, 1476 words loaded)
Loaded 1476 accepted words
Opening already examined file: word_corrections.tsv
Successfully opened word_corrections.tsv
Finished reading word_corrections.tsv (613 rows, 611 word changes loaded)
Loaded 611 already examined word changes
Loading versification for verse-specific typo checking...
Opening versification file: rahlfs_versification.csv
Successfully opened rahlfs_versification.csv
Finished reading rahlfs_versification.csv (30637 rows, 30637 verses loaded)
Sorting verses from rahlfs_versification.csv...
Finished sorting 30637 verses
Loaded 30637 verses from Rahlfs versification
Opening versification file: swete_versification.csv
Successfully opened swete_versification.csv
Finished reading swete_versification.csv (30533 rows, 30533 verses loaded)
Sorting verses from swete_versification.csv...
Finished sorting 30533 verses
Loaded 30533 verses from Swete versification
Processing Bible file...
Opening Bible file for reading: Brenton.tex
Successfully opened Brenton.tex
Found book: ΓΕΝΕΣΙΣ
Found book: ΕΞΟΔΟΣ
Found book: ΛΕΥΙΤΙΚΟΝ
  Checked 100 words, found 0 potential typos so far... (Current: ΛΕΥΙΤΙΚΟΝ 24:8)
Found book: ΑΡΙΘΜΟΙ
Found book: ΔΕΥΤΕΡΟΝΟΜΙΟΝ
Found book: ΙΗΣΟΥΣ ΝΑΥΗ
  Checked 200 words, found 0 potential typos so far... (Current: ΙΗΣΟΥΣ ΝΑΥΗ 3:10)
Found book: ΚΡΙΤΑΙ
Found book: ΡΟΥΘ
Found book: ΒΑΣΙΛΕΙΩΝ Α
  Checked 300 words, found 0 potential typos so far... (Current: ΒΑΣΙΛΕΙΩΝ Α 15:21)
Found book: ΒΑΣΙΛΕΙΩΝ Β
Found book: ΒΑΣΙΛΕΙΩΝ Γ
Found book: ΒΑΣΙΛΕΙΩΝ Δ
  Checked 400 words, found 0 potential typos so far... (Current: ΒΑΣΙΛΕΙΩΝ Δ 22:14)
Found book: ΠΑΡΑΛΕΙΠΟΜΕΝΩΝ Α
  Checked 500 words, found 1 potential typos so far... (Current: ΠΑΡΑΛΕΙΠΟΜΕΝΩΝ Α 25:4)
Found book: ΠΑΡΑΛΕΙΠΟΜΕΝΩΝ Β
Found book: ΕΣΔΡΑΣ
  Checked 600 words, found 2 potential typos so far... (Current: ΕΣΔΡΑΣ 2:28)
Found book: ΝΕΕΜΙΑΣ
  Checked 700 words, found 3 potential typos so far... (Current: ΝΕΕΜΙΑΣ 11:14)
Found book: ΕΣΘΗΡ
Found book: ΙΩΒ
Found book: ΨΑΛΜΟΙ
  Checked 800 words, found 4 potential typos so far... (Current: ΨΑΛΜΟΙ 89:14)
Found book: ΠΑΡΟΙΜΙΑΙ ΣΑΛΩΜΩΝΤΟΣ
Found book: ΕΚΚΛΗΣΙΑΣΤΗΣ
Found book: ΑΣΜΑ
Found book: ΗΣΑΙΑΣ
  Checked 900 words, found 4 potential typos so far... (Current: ΗΣΑΙΑΣ 31:9)
Found book: ΙΕΡΕΜΙΑΣ
  Checked 1000 words, found 4 potential typos so far... (Current: ΙΕΡΕΜΙΑΣ 30:17)
Found book: ΘΡΗΝΟΙ ΙΕΡΕΜΙΟΥ
Found book: ΙΕΖΕΚΙΗΛ
  Checked 1100 words, found 4 potential typos so far... (Current: ΙΕΖΕΚΙΗΛ 21:2)
Found book: ΔΑΝΙΗΛ
Found book: ΩΣΗΕ
Found book: ΙΩΗΛ
Found book: ΑΜΩΣ
  Checked 1200 words, found 4 potential typos so far... (Current: ΑΜΩΣ 5:3)
Found book: ΟΒΔΕΙΟΥ
Found book: ΙΩΝΑΣ
Found book: ΜΙΧΑΙΑΣ
Found book: ΝΑΟΥΜ
Found book: ΑΜΒΑΚΟΥΜ
Found book: ΣΟΦΟΝΙΑΣ
Found book: ΑΓΓΑΙΟΣ
Found book: ΖΑΧΑΡΙΑΣ
Found book: ΜΑΛΑΧΙΑΣ
Found book: ΕΣΔΡΑΣ Α
  Checked 1300 words, found 7 potential typos so far... (Current: ΕΣΔΡΑΣ Α 6:32)
Found book: ΤΩΒΙΤ
Found book: ΙΟΥΔΙΘ
Found book: ΣΟΦΙΑ ΣΑΛΩΜΩΝ
Found book: ΣΟΦΙΑ ΣΕΙΡΑΧ
  Checked 1400 words, found 7 potential typos so far... (Current: ΣΟΦΙΑ ΣΕΙΡΑΧ 30:13)
Found book: ΒΑΡΟΥΧ
Found book: ΕΠΙΣΤΟΛΗ ΙΕΡΕΜΙΟΥ
Found book: ΣΩΣΑΝΝΑ
Found book: ΒΗΛ ΚΑΙ ΔΡΑΚΩΝ
Found book: ΜΑΚΚΑΒΑΙΩΝ Α
Found book: ΜΑΚΚΑΒΑΙΩΝ Β
  Checked 1500 words, found 7 potential typos so far... (Current: ΜΑΚΚΑΒΑΙΩΝ Β 12:10)
Found book: ΜΑΚΚΑΒΑΙΩΝ Γ
Found book: ΜΑΚΚΑΒΑΙΩΝ Δ
Found book: ΠΡΟΣΕΥΧΗ ΜΑΝΑΣΣΗ ΥΙΟΥ ΕΖΕΚΙΟΥ

Writing results to missing_words.tsv...
Opening file for writing: missing_words.tsv
Successfully opened missing_words.tsv for writing
Finished writing 1569 rows to missing_words.tsv
Writing full typo check results to missing_words_typo_check.tsv...
Opening file for writing: missing_words_typo_check.tsv
Successfully opened missing_words_typo_check.tsv for writing
Finished writing 1569 rows to missing_words_typo_check.tsv
Writing likely typos to missing_words_likely_typos.tsv...
Opening file for writing: missing_words_likely_typos.tsv
Successfully opened missing_words_likely_typos.tsv for writing
Finished writing 8 rows to missing_words_likely_typos.tsv
Writing legitimate variations to missing_words_legitimate_variations.tsv...
Opening file for writing: missing_words_legitimate_variations.tsv
Successfully opened missing_words_legitimate_variations.tsv for writing
Finished writing 1495 rows to missing_words_legitimate_variations.tsv
Writing unmatched words to missing_words_unmatched.tsv...
Opening file for writing: missing_words_unmatched.tsv
Successfully opened missing_words_unmatched.tsv for writing
Finished writing 74 rows to missing_words_unmatched.tsv

Complete! Found 1569 missing words.
  - Likely proper names: 463
  - Likely numbers: 0
  - Legitimate variations: 1495
    - Found in verse: 1459
    - Found in area (±20 verses): 36
  - Likely typos: 8
    - Matched within verse: 6
    - Matched within area (±20 verses): 1
    - Matched in broader corpus: 1
  - Unmatched (need review): 74
Results saved to: missing_words.tsv
Full typo check results saved to: missing_words_typo_check.tsv
Filtered typos saved to: missing_words_likely_typos.tsv
Legitimate variations saved to: missing_words_legitimate_variations.tsv
Unmatched words saved to: missing_words_unmatched.tsv
